
####
#### Test analyseur lexical
####
